// Jest Snapshot v1, https://goo.gl/fbAQLP

exports[`should have error 1`] = `
<div
  className="flex grow flex-col-reverse md:flex-row overflow-y-auto"
>
  <div
    className="!flex flex-col bg-gradient-to-br from-[#0A1D3B] to-[#0F2A54] items-center justify-center md:w-[40vw]"
  >
    <div
      className="flex invisible md:visible flex-col grow justify-center w-full space-y-4 lg:space-y-6"
    >
      <div
        className="w-1/2 h-4 lg:h-8 bg-accent rounded-r-[100rem]"
      />
      <div
        className="w-1/2 h-4 lg:h-8 bg-pr-orange rounded-r-[100rem]"
      />
      <div
        className="w-1/2 h-4 lg:h-8 bg-pr-grey rounded-r-[100rem]"
      />
    </div>
    <div
      className="flex grow flex-col justify-end mb-10"
    >
      <div
        className="flex items-center flex-col text-white p-[10%]"
      >
        <div
          className="font-normal text-[1rem] md:text-[2rem] xl:text-[3.375rem] leading-normal"
        >
          <div
            className="flex flex-row  mt-20"
          >
            <div />
            <div
              className="ml-2 !font-light tracking-[.4em] text-[1.125rem]"
            >
              PRISME.AI
            </div>
          </div>
        </div>
      </div>
    </div>
  </div>
  <div
    className="!flex grow items-center justify-center md:w-[60vw] md:h-[100vh]"
  >
    <div
      className="flex flex-col items-center"
    >
      <div
        className="flex flex-col items-center space-y-4 mb-16 mt-8"
      >
        <div
          className="text-accent !font-light tracking-[.3em]"
        >
          in.topForm1
        </div>
        in.topForm2
        <div
          className="text-center"
        />
      </div>
      <form
        className="md:w-96 flex"
        onSubmit={[Function]}
      >
        <div
          className="flex flex-col grow"
        >
          <div
            className="m-2 mb-5 flex-grow !mx-0 !mb-4"
          >
            <span
              className="flex flex-col "
            />
          </div>
          <div
            className="m-2 mb-5 flex-grow !mx-0 !mb-8"
          >
            <span
              className="flex flex-col "
            />
          </div>
          in.submit
        </div>
      </form>
    </div>
  </div>
</div>
`;

exports[`should load 1`] = `
<div
  className="flex grow flex-col-reverse md:flex-row overflow-y-auto"
>
  <div
    className="!flex flex-col bg-gradient-to-br from-[#0A1D3B] to-[#0F2A54] items-center justify-center md:w-[40vw]"
  >
    <div
      className="flex invisible md:visible flex-col grow justify-center w-full space-y-4 lg:space-y-6"
    >
      <div
        className="w-1/2 h-4 lg:h-8 bg-accent rounded-r-[100rem]"
      />
      <div
        className="w-1/2 h-4 lg:h-8 bg-pr-orange rounded-r-[100rem]"
      />
      <div
        className="w-1/2 h-4 lg:h-8 bg-pr-grey rounded-r-[100rem]"
      />
    </div>
    <div
      className="flex grow flex-col justify-end mb-10"
    >
      <div
        className="flex items-center flex-col text-white p-[10%]"
      >
        <div
          className="font-normal text-[1rem] md:text-[2rem] xl:text-[3.375rem] leading-normal"
        >
          <div
            className="flex flex-row  mt-20"
          >
            <div />
            <div
              className="ml-2 !font-light tracking-[.4em] text-[1.125rem]"
            >
              PRISME.AI
            </div>
          </div>
        </div>
      </div>
    </div>
  </div>
  <div
    className="!flex grow items-center justify-center md:w-[60vw] md:h-[100vh]"
  >
    <div
      className="flex flex-col items-center"
    >
      <div
        className="flex flex-col items-center space-y-4 mb-16 mt-8"
      >
        <div
          className="text-accent !font-light tracking-[.3em]"
        >
          in.topForm1
        </div>
        in.topForm2
        <div
          className="text-center"
        />
      </div>
      <form
        className="md:w-96 flex"
        onSubmit={[Function]}
      >
        <div
          className="flex flex-col grow"
        >
          <div
            className="m-2 mb-5 flex-grow !mx-0 !mb-4"
          >
            <span
              className="flex flex-col "
            />
          </div>
          <div
            className="m-2 mb-5 flex-grow !mx-0 !mb-8"
          >
            <span
              className="flex flex-col "
            />
          </div>
          in.submit
        </div>
      </form>
    </div>
  </div>
</div>
`;

exports[`should render 1`] = `
<div
  className="flex grow flex-col-reverse md:flex-row overflow-y-auto"
>
  <div
    className="!flex flex-col bg-gradient-to-br from-[#0A1D3B] to-[#0F2A54] items-center justify-center md:w-[40vw]"
  >
    <div
      className="flex invisible md:visible flex-col grow justify-center w-full space-y-4 lg:space-y-6"
    >
      <div
        className="w-1/2 h-4 lg:h-8 bg-accent rounded-r-[100rem]"
      />
      <div
        className="w-1/2 h-4 lg:h-8 bg-pr-orange rounded-r-[100rem]"
      />
      <div
        className="w-1/2 h-4 lg:h-8 bg-pr-grey rounded-r-[100rem]"
      />
    </div>
    <div
      className="flex grow flex-col justify-end mb-10"
    >
      <div
        className="flex items-center flex-col text-white p-[10%]"
      >
        <div
          className="font-normal text-[1rem] md:text-[2rem] xl:text-[3.375rem] leading-normal"
        >
          <div
            className="flex flex-row  mt-20"
          >
            <div />
            <div
              className="ml-2 !font-light tracking-[.4em] text-[1.125rem]"
            >
              PRISME.AI
            </div>
          </div>
        </div>
      </div>
    </div>
  </div>
  <div
    className="!flex grow items-center justify-center md:w-[60vw] md:h-[100vh]"
  >
    <div
      className="flex flex-col items-center"
    >
      <div
        className="flex flex-col items-center space-y-4 mb-16 mt-8"
      >
        <div
          className="text-accent !font-light tracking-[.3em]"
        >
          in.topForm1
        </div>
        in.topForm2
        <div
          className="text-center"
        />
      </div>
      <form
        className="md:w-96 flex"
        onSubmit={[Function]}
      >
        <div
          className="flex flex-col grow"
        >
          <div
            className="m-2 mb-5 flex-grow !mx-0 !mb-4"
          >
            <span
              className="flex flex-col "
            />
          </div>
          <div
            className="m-2 mb-5 flex-grow !mx-0 !mb-8"
          >
            <span
              className="flex flex-col "
            />
          </div>
          in.submit
        </div>
      </form>
    </div>
  </div>
</div>
`;
