// Jest Snapshot v1, https://goo.gl/fbAQLP

exports[`should render 1`] = `
<div
  className="DataTable"
>
  <div
    className="Column"
  >
    {"field":"name","header":"events.details.name"}
  </div>
  <div
    className="Column"
  >
    {"field":"value","header":"events.details.value"}
  </div>
</div>
`;
