// Jest Snapshot v1, https://goo.gl/fbAQLP

exports[`should render 1`] = `
<div>
  <form
    onSubmit={[Function]}
  >
    <div>
      automations.condition.edit.title
      <div
        className="mb-5"
      >
        <span
          className="flex flex-col mx-2 "
        >
          <label
            htmlFor="condition"
          >
            condition
          </label>
        </span>
      </div>
      automations.condition.edit.save
    </div>
  </form>
</div>
`;
