// Jest Snapshot v1, https://goo.gl/fbAQLP

exports[`should render 1`] = `
<div>
  <form
    onSubmit={[Function]}
  >
    <div
      className="mt-5"
    >
      automations.condition.edit.title
      <div
        className="mb-5 "
      >
        <span
          className="flex flex-col "
        >
          <div
            className="relative"
          />
        </span>
      </div>
      automations.condition.edit.save
    </div>
  </form>
</div>
`;
