// Jest Snapshot v1, https://goo.gl/fbAQLP

exports[`should render 1`] = `
<div>
  <form
    onSubmit={[Function]}
  >
    <div
      className="mt-5"
    >
      automations.condition.edit.title
      <div
        className="m-2 mb-5 flex-grow flex flex-1"
      >
        <span
          className="flex flex-col flex flex-1"
        >
          <div
            className="relative flex flex-1"
          />
        </span>
      </div>
      automations.condition.edit.save
    </div>
  </form>
</div>
`;
