// Jest Snapshot v1, https://goo.gl/fbAQLP

exports[`should not render without schema 1`] = `null`;

exports[`should render 1`] = `
<div
  className="mt-5"
>
  emit
  <form
    onSubmit={[Function]}
  >
    <div
      className="mb-5"
    >
      <span
        className="flex flex-col "
      />
    </div>
    automations.edit.save
  </form>
</div>
`;
