// Jest Snapshot v1, https://goo.gl/fbAQLP

exports[`should render 1`] = `
Array [
  <div
    className="
          flex
          flex-col
          surface-section
          
          bg-white
          border-graph-border
          border-[1px]
          
          transition-all ease
          rounded"
    style={
      Object {
        "width": 260,
      }
    }
  >
    <div
      className="
          flex
          border-b-[1px]
          border-graph-border
          font-semibold
          p-[1.15rem]
          pb-3.5
        "
    >
      <div
        className="mr-3 flex justify-center items-center"
      >
        <img
          alt="Logical"
          className="object-contain h-[1rem] w-[1rem]"
          src="/icon.svg"
        />
      </div>
      <div
        className="flex flex-1 justify-between"
      >
        Logical
        <button
          className="border-none cursor-pointer flex justify-center items-center"
          onClick={[Function]}
          style={
            Object {
              "background": "none",
              "visibility": "hidden",
            }
          }
        />
      </div>
    </div>
    <button
      className="
          flex
          p-3.5
          justify-between
          items-center
          
          font-light
          overflow-hidden
          text-left
          "
      style={
        Object {
          "background": "none",
          "border": "0",
          "cursor": "pointer",
          "fontSize": "inherit",
        }
      }
    >
      automations.node.label
    </button>
  </div>,
  ");",
  <div
    className="
          flex
          flex-col
          surface-section
          
          bg-white
          border-graph-border
          border-[1px]
          
          transition-all ease
          rounded"
    style={
      Object {
        "width": 260,
      }
    }
  >
    <div
      className="
          flex
          border-b-[1px]
          border-graph-border
          font-semibold
          p-[1.15rem]
          pb-3.5
        "
    >
      <div
        className="mr-3 flex justify-center items-center"
      >
        <img
          alt="Logical"
          className="object-contain h-[1rem] w-[1rem]"
          src="/icon.svg"
        />
      </div>
      <div
        className="flex flex-1 justify-between"
      >
        Logical
        <button
          className="border-none cursor-pointer flex justify-center items-center"
          onClick={[Function]}
          style={
            Object {
              "background": "none",
              "visibility": "hidden",
            }
          }
        />
      </div>
    </div>
    <button
      className="
          flex
          p-3.5
          justify-between
          items-center
          
          font-light
          overflow-hidden
          text-left
          "
      style={
        Object {
          "background": "none",
          "border": "0",
          "cursor": "pointer",
          "fontSize": "inherit",
        }
      }
    >
      automations.node.label
    </button>
  </div>,
  ");",
  <div
    className="
          flex
          flex-col
          surface-section
          
          bg-white
          border-graph-border
          border-[1px]
          
          transition-all ease
          rounded"
    style={
      Object {
        "width": 260,
      }
    }
  >
    <div
      className="
          flex
          border-b-[1px]
          border-graph-border
          font-semibold
          p-[1.15rem]
          pb-3.5
        "
    >
      <div
        className="mr-3 flex justify-center items-center"
      >
        <img
          alt="Logical"
          className="object-contain h-[1rem] w-[1rem]"
          src="/icon.svg"
        />
      </div>
      <div
        className="flex flex-1 justify-between"
      >
        Logical
        <button
          className="border-none cursor-pointer flex justify-center items-center"
          onClick={[Function]}
          style={
            Object {
              "background": "none",
              "visibility": "hidden",
            }
          }
        />
      </div>
    </div>
    <button
      className="
          flex
          p-3.5
          justify-between
          items-center
          
          font-light
          overflow-hidden
          text-left
          "
      style={
        Object {
          "background": "none",
          "border": "0",
          "cursor": "pointer",
          "fontSize": "inherit",
        }
      }
    >
      automations.node.label
    </button>
  </div>,
  ");",
  <div
    className="
          flex
          flex-col
          surface-section
          
          bg-white
          border-graph-border
          border-[1px]
          
          transition-all ease
          rounded"
    style={
      Object {
        "width": 260,
      }
    }
  >
    <div
      className="
          flex
          border-b-[1px]
          border-graph-border
          font-semibold
          p-[1.15rem]
          pb-3.5
        "
    >
      <div
        className="mr-3 flex justify-center items-center"
      >
        <img
          alt="Logical"
          className="object-contain h-[1rem] w-[1rem]"
          src="/icon.svg"
        />
      </div>
      <div
        className="flex flex-1 justify-between"
      >
        Logical
        <button
          className="border-none cursor-pointer flex justify-center items-center"
          onClick={[Function]}
          style={
            Object {
              "background": "none",
              "visibility": "hidden",
            }
          }
        />
      </div>
    </div>
    <button
      className="
          flex
          p-3.5
          justify-between
          items-center
          
          font-light
          overflow-hidden
          text-left
          "
      style={
        Object {
          "background": "none",
          "border": "0",
          "cursor": "pointer",
          "fontSize": "inherit",
        }
      }
    >
      automations.node.label
    </button>
  </div>,
  ");",
  <div
    className="
          flex
          flex-col
          surface-section
          
          bg-white
          border-graph-border
          border-[1px]
          
          transition-all ease
          rounded"
    style={
      Object {
        "width": 260,
      }
    }
  >
    <div
      className="
          flex
          border-b-[1px]
          border-graph-border
          font-semibold
          p-[1.15rem]
          pb-3.5
        "
    >
      <div
        className="mr-3 flex justify-center items-center"
      >
        <img
          alt="Logical"
          className="object-contain h-[1rem] w-[1rem]"
          src="/icon.svg"
        />
      </div>
      <div
        className="flex flex-1 justify-between"
      >
        Logical
        <button
          className="border-none cursor-pointer flex justify-center items-center"
          onClick={[Function]}
          style={
            Object {
              "background": "none",
              "visibility": "hidden",
            }
          }
        />
      </div>
    </div>
    <button
      className="
          flex
          p-3.5
          justify-between
          items-center
          
          font-light
          overflow-hidden
          text-left
          "
      style={
        Object {
          "background": "none",
          "border": "0",
          "cursor": "pointer",
          "fontSize": "inherit",
        }
      }
    >
      automations.node.label
    </button>
  </div>,
  ");",
  <div
    className="
          flex
          flex-col
          surface-section
          
          bg-white
          border-graph-border
          border-[1px]
          
          transition-all ease
          rounded"
    style={
      Object {
        "width": 260,
      }
    }
  >
    <div
      className="
          flex
          border-b-[1px]
          border-graph-border
          font-semibold
          p-[1.15rem]
          pb-3.5
        "
    >
      <div
        className="mr-3 flex justify-center items-center"
      >
        <img
          alt="Logical"
          className="object-contain h-[1rem] w-[1rem]"
          src="/icon.svg"
        />
      </div>
      <div
        className="flex flex-1 justify-between"
      >
        Logical
        <button
          className="border-none cursor-pointer flex justify-center items-center"
          onClick={[Function]}
          style={
            Object {
              "background": "none",
              "visibility": "hidden",
            }
          }
        />
      </div>
    </div>
    <button
      className="
          flex
          p-3.5
          justify-between
          items-center
          
          font-light
          overflow-hidden
          text-left
          "
      style={
        Object {
          "background": "none",
          "border": "0",
          "cursor": "pointer",
          "fontSize": "inherit",
        }
      }
    >
      automations.node.label
    </button>
  </div>,
  ");",
]
`;
