// Jest Snapshot v1, https://goo.gl/fbAQLP

exports[`should render 1`] = `
Array [
  <div
    className="
          flex
          flex-col
          surface-section
          
          bg-white
          border-graph-border
          border-[1px]
          
          transition-all ease
          rounded"
    style={
      Object {
        "width": 260,
      }
    }
  >
    <div
      className="
          flex
          border-b-[1px]
          border-graph-border
          font-semibold
          p-[1.15rem]
          pb-3.5
        "
    >
      <div
        className="mr-3 flex"
      >
        <span
          style={
            Object {
              "background": "none",
              "border": 0,
              "boxSizing": "border-box",
              "display": "inline-block",
              "height": "initial",
              "margin": 0,
              "maxWidth": "100%",
              "opacity": 1,
              "overflow": "hidden",
              "padding": 0,
              "position": "relative",
              "width": "initial",
            }
          }
        >
          <span
            style={
              Object {
                "background": "none",
                "border": 0,
                "boxSizing": "border-box",
                "display": "block",
                "height": "initial",
                "margin": 0,
                "maxWidth": "100%",
                "opacity": 1,
                "padding": 0,
                "width": "initial",
              }
            }
          >
            <img
              alt=""
              aria-hidden={true}
              src="data:image/svg+xml,%3csvg%20xmlns=%27http://www.w3.org/2000/svg%27%20version=%271.1%27%20width=%2716%27%20height=%2716%27/%3e"
              style={
                Object {
                  "background": "none",
                  "border": 0,
                  "display": "block",
                  "height": "initial",
                  "margin": 0,
                  "maxWidth": "100%",
                  "opacity": 1,
                  "padding": 0,
                  "width": "initial",
                }
              }
            />
          </span>
          <img
            alt="Logical"
            data-nimg="intrinsic"
            decoding="async"
            src="data:image/gif;base64,R0lGODlhAQABAIAAAAAAAP///yH5BAEAAAAALAAAAAABAAEAAAIBRAA7"
            style={
              Object {
                "border": "none",
                "bottom": 0,
                "boxSizing": "border-box",
                "display": "block",
                "height": 0,
                "left": 0,
                "margin": "auto",
                "maxHeight": "100%",
                "maxWidth": "100%",
                "minHeight": "100%",
                "minWidth": "100%",
                "objectFit": undefined,
                "objectPosition": undefined,
                "padding": 0,
                "position": "absolute",
                "right": 0,
                "top": 0,
                "width": 0,
              }
            }
          />
          <noscript>
            <img
              alt="Logical"
              data-nimg="intrinsic"
              decoding="async"
              loading="lazy"
              src="/_next/image?url=%2Ficon.svg&w=32&q=75"
              srcSet="/_next/image?url=%2Ficon.svg&w=16&q=75 1x, /_next/image?url=%2Ficon.svg&w=32&q=75 2x"
              style={
                Object {
                  "border": "none",
                  "bottom": 0,
                  "boxSizing": "border-box",
                  "display": "block",
                  "height": 0,
                  "left": 0,
                  "margin": "auto",
                  "maxHeight": "100%",
                  "maxWidth": "100%",
                  "minHeight": "100%",
                  "minWidth": "100%",
                  "objectFit": undefined,
                  "objectPosition": undefined,
                  "padding": 0,
                  "position": "absolute",
                  "right": 0,
                  "top": 0,
                  "width": 0,
                }
              }
            />
          </noscript>
        </span>
      </div>
      <div
        className="flex flex-1 justify-between"
      >
        Logical
        <button
          className="border-none cursor-pointer flex justify-center items-center"
          onClick={[Function]}
          style={
            Object {
              "background": "none",
              "visibility": "hidden",
            }
          }
        />
      </div>
    </div>
    <button
      className="
          flex
          p-3.5
          justify-between
          items-center
          
          font-light
          "
      style={
        Object {
          "background": "none",
          "border": "0",
          "cursor": "pointer",
          "fontSize": "inherit",
        }
      }
    >
      automations.node.label
    </button>
  </div>,
  ");",
  <div
    className="
          flex
          flex-col
          surface-section
          
          bg-white
          border-graph-border
          border-[1px]
          
          transition-all ease
          rounded"
    style={
      Object {
        "width": 260,
      }
    }
  >
    <div
      className="
          flex
          border-b-[1px]
          border-graph-border
          font-semibold
          p-[1.15rem]
          pb-3.5
        "
    >
      <div
        className="mr-3 flex"
      >
        <span
          style={
            Object {
              "background": "none",
              "border": 0,
              "boxSizing": "border-box",
              "display": "inline-block",
              "height": "initial",
              "margin": 0,
              "maxWidth": "100%",
              "opacity": 1,
              "overflow": "hidden",
              "padding": 0,
              "position": "relative",
              "width": "initial",
            }
          }
        >
          <span
            style={
              Object {
                "background": "none",
                "border": 0,
                "boxSizing": "border-box",
                "display": "block",
                "height": "initial",
                "margin": 0,
                "maxWidth": "100%",
                "opacity": 1,
                "padding": 0,
                "width": "initial",
              }
            }
          >
            <img
              alt=""
              aria-hidden={true}
              src="data:image/svg+xml,%3csvg%20xmlns=%27http://www.w3.org/2000/svg%27%20version=%271.1%27%20width=%2716%27%20height=%2716%27/%3e"
              style={
                Object {
                  "background": "none",
                  "border": 0,
                  "display": "block",
                  "height": "initial",
                  "margin": 0,
                  "maxWidth": "100%",
                  "opacity": 1,
                  "padding": 0,
                  "width": "initial",
                }
              }
            />
          </span>
          <img
            alt="Logical"
            data-nimg="intrinsic"
            decoding="async"
            src="data:image/gif;base64,R0lGODlhAQABAIAAAAAAAP///yH5BAEAAAAALAAAAAABAAEAAAIBRAA7"
            style={
              Object {
                "border": "none",
                "bottom": 0,
                "boxSizing": "border-box",
                "display": "block",
                "height": 0,
                "left": 0,
                "margin": "auto",
                "maxHeight": "100%",
                "maxWidth": "100%",
                "minHeight": "100%",
                "minWidth": "100%",
                "objectFit": undefined,
                "objectPosition": undefined,
                "padding": 0,
                "position": "absolute",
                "right": 0,
                "top": 0,
                "width": 0,
              }
            }
          />
          <noscript>
            <img
              alt="Logical"
              data-nimg="intrinsic"
              decoding="async"
              loading="lazy"
              src="/_next/image?url=%2Ficon.svg&w=32&q=75"
              srcSet="/_next/image?url=%2Ficon.svg&w=16&q=75 1x, /_next/image?url=%2Ficon.svg&w=32&q=75 2x"
              style={
                Object {
                  "border": "none",
                  "bottom": 0,
                  "boxSizing": "border-box",
                  "display": "block",
                  "height": 0,
                  "left": 0,
                  "margin": "auto",
                  "maxHeight": "100%",
                  "maxWidth": "100%",
                  "minHeight": "100%",
                  "minWidth": "100%",
                  "objectFit": undefined,
                  "objectPosition": undefined,
                  "padding": 0,
                  "position": "absolute",
                  "right": 0,
                  "top": 0,
                  "width": 0,
                }
              }
            />
          </noscript>
        </span>
      </div>
      <div
        className="flex flex-1 justify-between"
      >
        Logical
        <button
          className="border-none cursor-pointer flex justify-center items-center"
          onClick={[Function]}
          style={
            Object {
              "background": "none",
              "visibility": "hidden",
            }
          }
        />
      </div>
    </div>
    <button
      className="
          flex
          p-3.5
          justify-between
          items-center
          
          font-light
          "
      style={
        Object {
          "background": "none",
          "border": "0",
          "cursor": "pointer",
          "fontSize": "inherit",
        }
      }
    >
      automations.node.label
    </button>
  </div>,
  ");",
  <div
    className="
          flex
          flex-col
          surface-section
          
          bg-white
          border-graph-border
          border-[1px]
          
          transition-all ease
          rounded"
    style={
      Object {
        "width": 260,
      }
    }
  >
    <div
      className="
          flex
          border-b-[1px]
          border-graph-border
          font-semibold
          p-[1.15rem]
          pb-3.5
        "
    >
      <div
        className="mr-3 flex"
      >
        <span
          style={
            Object {
              "background": "none",
              "border": 0,
              "boxSizing": "border-box",
              "display": "inline-block",
              "height": "initial",
              "margin": 0,
              "maxWidth": "100%",
              "opacity": 1,
              "overflow": "hidden",
              "padding": 0,
              "position": "relative",
              "width": "initial",
            }
          }
        >
          <span
            style={
              Object {
                "background": "none",
                "border": 0,
                "boxSizing": "border-box",
                "display": "block",
                "height": "initial",
                "margin": 0,
                "maxWidth": "100%",
                "opacity": 1,
                "padding": 0,
                "width": "initial",
              }
            }
          >
            <img
              alt=""
              aria-hidden={true}
              src="data:image/svg+xml,%3csvg%20xmlns=%27http://www.w3.org/2000/svg%27%20version=%271.1%27%20width=%2716%27%20height=%2716%27/%3e"
              style={
                Object {
                  "background": "none",
                  "border": 0,
                  "display": "block",
                  "height": "initial",
                  "margin": 0,
                  "maxWidth": "100%",
                  "opacity": 1,
                  "padding": 0,
                  "width": "initial",
                }
              }
            />
          </span>
          <img
            alt="Logical"
            data-nimg="intrinsic"
            decoding="async"
            src="data:image/gif;base64,R0lGODlhAQABAIAAAAAAAP///yH5BAEAAAAALAAAAAABAAEAAAIBRAA7"
            style={
              Object {
                "border": "none",
                "bottom": 0,
                "boxSizing": "border-box",
                "display": "block",
                "height": 0,
                "left": 0,
                "margin": "auto",
                "maxHeight": "100%",
                "maxWidth": "100%",
                "minHeight": "100%",
                "minWidth": "100%",
                "objectFit": undefined,
                "objectPosition": undefined,
                "padding": 0,
                "position": "absolute",
                "right": 0,
                "top": 0,
                "width": 0,
              }
            }
          />
          <noscript>
            <img
              alt="Logical"
              data-nimg="intrinsic"
              decoding="async"
              loading="lazy"
              src="/_next/image?url=%2Ficon.svg&w=32&q=75"
              srcSet="/_next/image?url=%2Ficon.svg&w=16&q=75 1x, /_next/image?url=%2Ficon.svg&w=32&q=75 2x"
              style={
                Object {
                  "border": "none",
                  "bottom": 0,
                  "boxSizing": "border-box",
                  "display": "block",
                  "height": 0,
                  "left": 0,
                  "margin": "auto",
                  "maxHeight": "100%",
                  "maxWidth": "100%",
                  "minHeight": "100%",
                  "minWidth": "100%",
                  "objectFit": undefined,
                  "objectPosition": undefined,
                  "padding": 0,
                  "position": "absolute",
                  "right": 0,
                  "top": 0,
                  "width": 0,
                }
              }
            />
          </noscript>
        </span>
      </div>
      <div
        className="flex flex-1 justify-between"
      >
        Logical
        <button
          className="border-none cursor-pointer flex justify-center items-center"
          onClick={[Function]}
          style={
            Object {
              "background": "none",
              "visibility": "hidden",
            }
          }
        />
      </div>
    </div>
    <button
      className="
          flex
          p-3.5
          justify-between
          items-center
          
          font-light
          "
      style={
        Object {
          "background": "none",
          "border": "0",
          "cursor": "pointer",
          "fontSize": "inherit",
        }
      }
    >
      automations.node.label
    </button>
  </div>,
  ");",
  <div
    className="
          flex
          flex-col
          surface-section
          
          bg-white
          border-graph-border
          border-[1px]
          
          transition-all ease
          rounded"
    style={
      Object {
        "width": 260,
      }
    }
  >
    <div
      className="
          flex
          border-b-[1px]
          border-graph-border
          font-semibold
          p-[1.15rem]
          pb-3.5
        "
    >
      <div
        className="mr-3 flex"
      >
        <span
          style={
            Object {
              "background": "none",
              "border": 0,
              "boxSizing": "border-box",
              "display": "inline-block",
              "height": "initial",
              "margin": 0,
              "maxWidth": "100%",
              "opacity": 1,
              "overflow": "hidden",
              "padding": 0,
              "position": "relative",
              "width": "initial",
            }
          }
        >
          <span
            style={
              Object {
                "background": "none",
                "border": 0,
                "boxSizing": "border-box",
                "display": "block",
                "height": "initial",
                "margin": 0,
                "maxWidth": "100%",
                "opacity": 1,
                "padding": 0,
                "width": "initial",
              }
            }
          >
            <img
              alt=""
              aria-hidden={true}
              src="data:image/svg+xml,%3csvg%20xmlns=%27http://www.w3.org/2000/svg%27%20version=%271.1%27%20width=%2716%27%20height=%2716%27/%3e"
              style={
                Object {
                  "background": "none",
                  "border": 0,
                  "display": "block",
                  "height": "initial",
                  "margin": 0,
                  "maxWidth": "100%",
                  "opacity": 1,
                  "padding": 0,
                  "width": "initial",
                }
              }
            />
          </span>
          <img
            alt="Logical"
            data-nimg="intrinsic"
            decoding="async"
            src="data:image/gif;base64,R0lGODlhAQABAIAAAAAAAP///yH5BAEAAAAALAAAAAABAAEAAAIBRAA7"
            style={
              Object {
                "border": "none",
                "bottom": 0,
                "boxSizing": "border-box",
                "display": "block",
                "height": 0,
                "left": 0,
                "margin": "auto",
                "maxHeight": "100%",
                "maxWidth": "100%",
                "minHeight": "100%",
                "minWidth": "100%",
                "objectFit": undefined,
                "objectPosition": undefined,
                "padding": 0,
                "position": "absolute",
                "right": 0,
                "top": 0,
                "width": 0,
              }
            }
          />
          <noscript>
            <img
              alt="Logical"
              data-nimg="intrinsic"
              decoding="async"
              loading="lazy"
              src="/_next/image?url=%2Ficon.svg&w=32&q=75"
              srcSet="/_next/image?url=%2Ficon.svg&w=16&q=75 1x, /_next/image?url=%2Ficon.svg&w=32&q=75 2x"
              style={
                Object {
                  "border": "none",
                  "bottom": 0,
                  "boxSizing": "border-box",
                  "display": "block",
                  "height": 0,
                  "left": 0,
                  "margin": "auto",
                  "maxHeight": "100%",
                  "maxWidth": "100%",
                  "minHeight": "100%",
                  "minWidth": "100%",
                  "objectFit": undefined,
                  "objectPosition": undefined,
                  "padding": 0,
                  "position": "absolute",
                  "right": 0,
                  "top": 0,
                  "width": 0,
                }
              }
            />
          </noscript>
        </span>
      </div>
      <div
        className="flex flex-1 justify-between"
      >
        Logical
        <button
          className="border-none cursor-pointer flex justify-center items-center"
          onClick={[Function]}
          style={
            Object {
              "background": "none",
              "visibility": "hidden",
            }
          }
        />
      </div>
    </div>
    <button
      className="
          flex
          p-3.5
          justify-between
          items-center
          
          font-light
          "
      style={
        Object {
          "background": "none",
          "border": "0",
          "cursor": "pointer",
          "fontSize": "inherit",
        }
      }
    >
      automations.node.label
    </button>
  </div>,
  ");",
  <div
    className="
          flex
          flex-col
          surface-section
          
          bg-white
          border-graph-border
          border-[1px]
          
          transition-all ease
          rounded"
    style={
      Object {
        "width": 260,
      }
    }
  >
    <div
      className="
          flex
          border-b-[1px]
          border-graph-border
          font-semibold
          p-[1.15rem]
          pb-3.5
        "
    >
      <div
        className="mr-3 flex"
      >
        <span
          style={
            Object {
              "background": "none",
              "border": 0,
              "boxSizing": "border-box",
              "display": "inline-block",
              "height": "initial",
              "margin": 0,
              "maxWidth": "100%",
              "opacity": 1,
              "overflow": "hidden",
              "padding": 0,
              "position": "relative",
              "width": "initial",
            }
          }
        >
          <span
            style={
              Object {
                "background": "none",
                "border": 0,
                "boxSizing": "border-box",
                "display": "block",
                "height": "initial",
                "margin": 0,
                "maxWidth": "100%",
                "opacity": 1,
                "padding": 0,
                "width": "initial",
              }
            }
          >
            <img
              alt=""
              aria-hidden={true}
              src="data:image/svg+xml,%3csvg%20xmlns=%27http://www.w3.org/2000/svg%27%20version=%271.1%27%20width=%2716%27%20height=%2716%27/%3e"
              style={
                Object {
                  "background": "none",
                  "border": 0,
                  "display": "block",
                  "height": "initial",
                  "margin": 0,
                  "maxWidth": "100%",
                  "opacity": 1,
                  "padding": 0,
                  "width": "initial",
                }
              }
            />
          </span>
          <img
            alt="Logical"
            data-nimg="intrinsic"
            decoding="async"
            src="data:image/gif;base64,R0lGODlhAQABAIAAAAAAAP///yH5BAEAAAAALAAAAAABAAEAAAIBRAA7"
            style={
              Object {
                "border": "none",
                "bottom": 0,
                "boxSizing": "border-box",
                "display": "block",
                "height": 0,
                "left": 0,
                "margin": "auto",
                "maxHeight": "100%",
                "maxWidth": "100%",
                "minHeight": "100%",
                "minWidth": "100%",
                "objectFit": undefined,
                "objectPosition": undefined,
                "padding": 0,
                "position": "absolute",
                "right": 0,
                "top": 0,
                "width": 0,
              }
            }
          />
          <noscript>
            <img
              alt="Logical"
              data-nimg="intrinsic"
              decoding="async"
              loading="lazy"
              src="/_next/image?url=%2Ficon.svg&w=32&q=75"
              srcSet="/_next/image?url=%2Ficon.svg&w=16&q=75 1x, /_next/image?url=%2Ficon.svg&w=32&q=75 2x"
              style={
                Object {
                  "border": "none",
                  "bottom": 0,
                  "boxSizing": "border-box",
                  "display": "block",
                  "height": 0,
                  "left": 0,
                  "margin": "auto",
                  "maxHeight": "100%",
                  "maxWidth": "100%",
                  "minHeight": "100%",
                  "minWidth": "100%",
                  "objectFit": undefined,
                  "objectPosition": undefined,
                  "padding": 0,
                  "position": "absolute",
                  "right": 0,
                  "top": 0,
                  "width": 0,
                }
              }
            />
          </noscript>
        </span>
      </div>
      <div
        className="flex flex-1 justify-between"
      >
        Logical
        <button
          className="border-none cursor-pointer flex justify-center items-center"
          onClick={[Function]}
          style={
            Object {
              "background": "none",
              "visibility": "hidden",
            }
          }
        />
      </div>
    </div>
    <button
      className="
          flex
          p-3.5
          justify-between
          items-center
          
          font-light
          "
      style={
        Object {
          "background": "none",
          "border": "0",
          "cursor": "pointer",
          "fontSize": "inherit",
        }
      }
    >
      automations.node.label
    </button>
  </div>,
  ");",
  <div
    className="
          flex
          flex-col
          surface-section
          
          bg-white
          border-graph-border
          border-[1px]
          
          transition-all ease
          rounded"
    style={
      Object {
        "width": 260,
      }
    }
  >
    <div
      className="
          flex
          border-b-[1px]
          border-graph-border
          font-semibold
          p-[1.15rem]
          pb-3.5
        "
    >
      <div
        className="mr-3 flex"
      >
        <span
          style={
            Object {
              "background": "none",
              "border": 0,
              "boxSizing": "border-box",
              "display": "inline-block",
              "height": "initial",
              "margin": 0,
              "maxWidth": "100%",
              "opacity": 1,
              "overflow": "hidden",
              "padding": 0,
              "position": "relative",
              "width": "initial",
            }
          }
        >
          <span
            style={
              Object {
                "background": "none",
                "border": 0,
                "boxSizing": "border-box",
                "display": "block",
                "height": "initial",
                "margin": 0,
                "maxWidth": "100%",
                "opacity": 1,
                "padding": 0,
                "width": "initial",
              }
            }
          >
            <img
              alt=""
              aria-hidden={true}
              src="data:image/svg+xml,%3csvg%20xmlns=%27http://www.w3.org/2000/svg%27%20version=%271.1%27%20width=%2716%27%20height=%2716%27/%3e"
              style={
                Object {
                  "background": "none",
                  "border": 0,
                  "display": "block",
                  "height": "initial",
                  "margin": 0,
                  "maxWidth": "100%",
                  "opacity": 1,
                  "padding": 0,
                  "width": "initial",
                }
              }
            />
          </span>
          <img
            alt="Logical"
            data-nimg="intrinsic"
            decoding="async"
            src="data:image/gif;base64,R0lGODlhAQABAIAAAAAAAP///yH5BAEAAAAALAAAAAABAAEAAAIBRAA7"
            style={
              Object {
                "border": "none",
                "bottom": 0,
                "boxSizing": "border-box",
                "display": "block",
                "height": 0,
                "left": 0,
                "margin": "auto",
                "maxHeight": "100%",
                "maxWidth": "100%",
                "minHeight": "100%",
                "minWidth": "100%",
                "objectFit": undefined,
                "objectPosition": undefined,
                "padding": 0,
                "position": "absolute",
                "right": 0,
                "top": 0,
                "width": 0,
              }
            }
          />
          <noscript>
            <img
              alt="Logical"
              data-nimg="intrinsic"
              decoding="async"
              loading="lazy"
              src="/_next/image?url=%2Ficon.svg&w=32&q=75"
              srcSet="/_next/image?url=%2Ficon.svg&w=16&q=75 1x, /_next/image?url=%2Ficon.svg&w=32&q=75 2x"
              style={
                Object {
                  "border": "none",
                  "bottom": 0,
                  "boxSizing": "border-box",
                  "display": "block",
                  "height": 0,
                  "left": 0,
                  "margin": "auto",
                  "maxHeight": "100%",
                  "maxWidth": "100%",
                  "minHeight": "100%",
                  "minWidth": "100%",
                  "objectFit": undefined,
                  "objectPosition": undefined,
                  "padding": 0,
                  "position": "absolute",
                  "right": 0,
                  "top": 0,
                  "width": 0,
                }
              }
            />
          </noscript>
        </span>
      </div>
      <div
        className="flex flex-1 justify-between"
      >
        Logical
        <button
          className="border-none cursor-pointer flex justify-center items-center"
          onClick={[Function]}
          style={
            Object {
              "background": "none",
              "visibility": "hidden",
            }
          }
        />
      </div>
    </div>
    <button
      className="
          flex
          p-3.5
          justify-between
          items-center
          
          font-light
          "
      style={
        Object {
          "background": "none",
          "border": "0",
          "cursor": "pointer",
          "fontSize": "inherit",
        }
      }
    >
      automations.node.label
    </button>
  </div>,
  ");",
]
`;
