// Jest Snapshot v1, https://goo.gl/fbAQLP

exports[`should render 1`] = `
Array [
  <div>
    Handle
  </div>,
  <div>
    Handle
  </div>,
  <div
    className=" flex flex-column w-10rem"
  >
    <div
      className="flex justify-content-center"
      style={
        Object {
          "minHeight": "1px",
        }
      }
    />
  </div>,
]
`;
