// Jest Snapshot v1, https://goo.gl/fbAQLP

exports[`should render 1`] = `
Array [
  <div>
    Handle
  </div>,
  <div
    className="
          flex
          flex-col
          surface-section
          border-graph-border
          bg-graph-background
          border-2
          rounded"
    style={
      Object {
        "width": 250,
      }
    }
  >
    <div
      className=" flex align-center border-b-2 border-graph-border p-2 "
    >
      <div
        className="mr-2"
      >
        <span
          style={
            Object {
              "background": "none",
              "border": 0,
              "boxSizing": "border-box",
              "display": "inline-block",
              "height": "initial",
              "margin": 0,
              "maxWidth": "100%",
              "opacity": 1,
              "overflow": "hidden",
              "padding": 0,
              "position": "relative",
              "width": "initial",
            }
          }
        >
          <span
            style={
              Object {
                "background": "none",
                "border": 0,
                "boxSizing": "border-box",
                "display": "block",
                "height": "initial",
                "margin": 0,
                "maxWidth": "100%",
                "opacity": 1,
                "padding": 0,
                "width": "initial",
              }
            }
          >
            <img
              alt=""
              aria-hidden={true}
              src="data:image/svg+xml,%3csvg%20xmlns=%27http://www.w3.org/2000/svg%27%20version=%271.1%27%20width=%2716%27%20height=%2716%27/%3e"
              style={
                Object {
                  "background": "none",
                  "border": 0,
                  "display": "block",
                  "height": "initial",
                  "margin": 0,
                  "maxWidth": "100%",
                  "opacity": 1,
                  "padding": 0,
                  "width": "initial",
                }
              }
            />
          </span>
          <img
            alt="App"
            data-nimg="intrinsic"
            decoding="async"
            src="data:image/gif;base64,R0lGODlhAQABAIAAAAAAAP///yH5BAEAAAAALAAAAAABAAEAAAIBRAA7"
            style={
              Object {
                "border": "none",
                "bottom": 0,
                "boxSizing": "border-box",
                "display": "block",
                "height": 0,
                "left": 0,
                "margin": "auto",
                "maxHeight": "100%",
                "maxWidth": "100%",
                "minHeight": "100%",
                "minWidth": "100%",
                "objectFit": undefined,
                "objectPosition": undefined,
                "padding": 0,
                "position": "absolute",
                "right": 0,
                "top": 0,
                "width": 0,
              }
            }
          />
          <noscript>
            <img
              alt="App"
              data-nimg="intrinsic"
              decoding="async"
              loading="lazy"
              src="/_next/image?url=%2Ficon.svg&w=32&q=75"
              srcSet="/_next/image?url=%2Ficon.svg&w=16&q=75 1x, /_next/image?url=%2Ficon.svg&w=32&q=75 2x"
              style={
                Object {
                  "border": "none",
                  "bottom": 0,
                  "boxSizing": "border-box",
                  "display": "block",
                  "height": 0,
                  "left": 0,
                  "margin": "auto",
                  "maxHeight": "100%",
                  "maxWidth": "100%",
                  "minHeight": "100%",
                  "minWidth": "100%",
                  "objectFit": undefined,
                  "objectPosition": undefined,
                  "padding": 0,
                  "position": "absolute",
                  "right": 0,
                  "top": 0,
                  "width": 0,
                }
              }
            />
          </noscript>
        </span>
      </div>
      <div
        className="flex flex-1 justify-between"
      >
        App
        <button
          className="border-none cursor-pointer"
          onClick={[Function]}
          style={
            Object {
              "background": "none",
              "visibility": "hidden",
            }
          }
        />
      </div>
    </div>
    <div
      className=" flex justify-center p-2 cursor-default"
    >
      automations.node.label
    </div>
  </div>,
  <div>
    Handle
  </div>,
  <div>
    Handle
  </div>,
  <div
    className="absolute right-0"
    style={
      Object {
        "marginTop": "-9px",
        "padding": "0 10px",
      }
    }
  >
    <div>
      Handle
    </div>
  </div>,
  <div
    className="absolute right-0"
    style={
      Object {
        "marginTop": "-9px",
        "padding": "0 10px",
      }
    }
  >
    <div>
      Handle
    </div>
  </div>,
]
`;
