// Jest Snapshot v1, https://goo.gl/fbAQLP

exports[`should render 1`] = `
<div
  className="block-header block-header__container flex flex-1 flex-col md:!flex-row justify-between md:items-center"
>
  <div
    className="block-header__left flex md:justify-center"
  >
    <div
      className="block-header__logo flex justify-center m-2 ml-4"
    >
      <img
        alt="hello logo"
        className="block-header__logo-image max-h-12"
        src="http://img/age.png"
      />
    </div>
    <h1
      className="block-header__title flex items-center m-0 font-bold"
    >
      Hello
    </h1>
  </div>
  <nav
    className="block-header__right flex m-4"
  >
    <div
      className="mx-2"
      onClick={[Function]}
    >
      <a
        className="block-header__nav-item-link"
        href="https://prisme.ai"
      >
        <button
          className="block-header__nav-item-button"
        >
          Home
        </button>
      </a>
    </div>
    <div
      className="mx-2"
      onClick={[Function]}
    >
      <a
        className="block-header__nav-item-link"
        href="/"
        onClick={[Function]}
        onMouseEnter={[Function]}
      >
        <button
          className="block-header__nav-item-button"
        >
          Another page
        </button>
      </a>
    </div>
    <div
      className="mx-2"
      onClick={[Function]}
    >
      <a
        className="block-header__nav-item-link"
        href="#section_1"
      >
        <button
          className="block-header__nav-item-button"
        >
          Scroll
        </button>
      </a>
    </div>
    <div
      className="mx-2"
      onClick={[Function]}
    >
      <button
        className="block-header__nav-item-button"
        onClick={[Function]}
      >
        Contact
      </button>
    </div>
  </nav>
</div>
`;
