// Jest Snapshot v1, https://goo.gl/fbAQLP

exports[`should render 1`] = `
<div
  className="flex grow h-full flex-col"
>
  <div
    className="flex justify-between items-center mb-6"
  >
    apps.link
    apps.create.label
  </div>
  <div
    className="flex flex-1 justify-center items-center flex-col"
  >
    <SvgrURL
      height={100}
      width={100}
    />
    <div
      className="mt-4"
    >
      apps.soon
    </div>
  </div>
</div>
`;
