// Jest Snapshot v1, https://goo.gl/fbAQLP

exports[`should render 1`] = `
<div
  className="flex grow h-full flex-col"
>
  <div
    className="flex justify-between items-center mb-6"
  >
    automations.link
    automations.create.label
  </div>
  <a
    href="/workspaces/42/automations/42-1"
    onClick={[Function]}
    onMouseEnter={[Function]}
  />
</div>
`;
