// Jest Snapshot v1, https://goo.gl/fbAQLP

exports[`should render 1`] = `
<div
  className="flex justify-center align-center min-h-screen"
>
  <main
    className="flex align-center justify-center flex-col"
  >
    <h1
      className="flex"
    >
      main.title
    </h1>
    <a
      href="/signin"
      onClick={[Function]}
      onMouseEnter={[Function]}
    >
      home.signin
    </a>
  </main>
</div>
`;
