// Jest Snapshot v1, https://goo.gl/fbAQLP

exports[`should render 1`] = `
<div
  className="flex justify-content-center align-items-center min-h-screen"
>
  <main
    className="flex align-items-center justify-content-center flex-column"
  >
    <h1
      className="flex"
    >
      home.title
    </h1>
    <button
      className="p-button p-component"
      disabled={false}
    >
      <a
        href="/signin"
        onClick={[Function]}
        onMouseEnter={[Function]}
      >
        home.signin
      </a>
    </button>
  </main>
</div>
`;
