// Jest Snapshot v1, https://goo.gl/fbAQLP

exports[`should render 1`] = `
<div
  className="relative flex flex-1 h-full overflow-y-auto"
>
  <div
    className="absolute top-0 bottom-0 left-0 right-0 bg-white"
  />
  <div
    className="
          absolute top-0 bottom-0 right-0 left-0
          bg-white
          flex flex-1
          transition-transform
          transition-duration-200
          transition-ease-in
          z-[11]
          -translate-y-full
        "
  >
    <div
      className="flex flex-1 flex-col"
    />
  </div>
</div>
`;
