// Jest Snapshot v1, https://goo.gl/fbAQLP

exports[`should render 1`] = `
<form
  onSubmit={[Function]}
>
  <div
    className="mb-5 "
  >
    <span
      className="flex flex-col "
    />
  </div>
  <div
    className="mb-5"
  >
    <label
      className="mx-2 flex flex-1 align-center"
    >
      <div>
        bar
      </div>
    </label>
  </div>
  <div
    className="mb-5 "
  >
    <span
      className="flex flex-col "
    >
      <label
        className="text-gray text-[11px]"
        htmlFor="lorem"
      >
        lorem
      </label>
      <div />
    </span>
  </div>
  automations.edit.save
</form>
`;
