// Jest Snapshot v1, https://goo.gl/fbAQLP

exports[`should render 1`] = `
<div
  className="
        flex
        absolute top-0 bottom-0 -right-[30rem] w-[30rem] z-10 flex-col
        transition-transform
        ease-in
        duration-200
        overflow-hidden
        bg-surface
        
        
      "
>
  <div
    className="flex w-full items-center justify-between flex-row p-5 bg-dark-accent text-white font-semibold"
  >
    <div
      className="flex items-center flex-row"
    >
      hey
    </div>
  </div>
  <div
    className="flex flex-1 flex-col overflow-y-scroll h-full  border-light-gray border-l"
  />
</div>
`;
