// Jest Snapshot v1, https://goo.gl/fbAQLP

exports[`should render 1`] = `
<div
  className="flex min-h-screen max-h-screen flex-col"
>
  <div
    className="bg-primary p-4 z-1 "
  >
    <div
      className="flex justify-between"
    >
      <div
        className="flex direction-row align-center"
      >
        <div
          className="mr-2"
        >
          <a
            href="/workspaces"
            onClick={[Function]}
            onMouseEnter={[Function]}
          >
            Prisme.ai
          </a>
        </div>
      </div>
      <div>
        <button
          className="p-button p-component p-button-icon-only"
          disabled={false}
          onClick={[MockFunction]}
        >
          <span
            className="p-button-icon p-c pi pi-power-off"
          />
          <span
            className="p-button-label p-c"
            dangerouslySetInnerHTML={
              Object {
                "__html": "&nbsp;",
              }
            }
          />
        </button>
      </div>
    </div>
  </div>
  <div
    className="flex flex-1 surface-ground relative"
    style={
      Object {
        "overflow": "auto",
        "overflowX": "hidden",
      }
    }
  />
</div>
`;

exports[`should render loading 1`] = `
<div
  className="flex min-h-screen max-h-screen flex-col justify-center"
>
  <div
    className="flex flex-1 align-center justify-center"
  >
    <div
      className="text-5xl align-self-center justify-self-center pi pi-spin pi-spinner"
    />
  </div>
</div>
`;
